2025-03-08 13:47:38,475 - Rank 0: Broadcasting 10 items
2025-03-08 13:47:38,476 - Rank 0: Received 10 items
2025-03-08 13:47:38,476 - Rank 1: Received 10 items
